cmd : The system cannot find the path specified.
At line:1 char:1
+ cmd /c "C:/Users/Mike/AppData/Local/Programs/Python/Python39/Scripts/ ...
+ ~~~~~~~~~~~~~~~~~~~~~~~~~~~~~~~~~~~~~~~~~~~~~~~~~~~~~~~~~~~~~~~~~~~~~
    + CategoryInfo          : NotSpecified: (The system cann...path specified.:String) [], RemoteException
    + FullyQualifiedErrorId : NativeCommandError
 
